<?xml version='1.0' encoding='utf-8'?>
<testsuites><testsuite name="Configuration" tests="31" failures="0" skipped="0" time="2.315"><testcase name="import myth_config" classname="Configuration" time="0.934" /><testcase name="myth_config.config exists" classname="Configuration" time="0.000" /><testcase name="myth_config.load_dotenv exists" classname="Configuration" time="0.000" /><testcase name="import config_loader" classname="Configuration" time="1.143" /><testcase name="ConfigurationManager class exists" classname="Configuration" time="0.000" /><testcase name="ConfigurationManager singleton works" classname="Configuration" time="0.000" /><testcase name="AgentConfig class exists" classname="Configuration" time="0.000" /><testcase name="RuntimeConfig class exists" classname="Configuration" time="0.000" /><testcase name="CreatorConfig class exists" classname="Configuration" time="0.000" /><testcase name="IdentityConfig class exists" classname="Configuration" time="0.000" /><testcase name="PromptsConfig class exists" classname="Configuration" time="0.000" /><testcase name="ModelsConfig class exists" classname="Configuration" time="0.000" /><testcase name="EmbeddingsConfig class exists" classname="Configuration" time="0.000" /><testcase name="HyperparametersConfig class exists" classname="Configuration" time="0.000" /><testcase name="ReliabilityConfig class exists" classname="Configuration" time="0.000" /><testcase name="TimeoutPolicy class exists" classname="Configuration" time="0.000" /><testcase name="RetryPolicy class exists" classname="Configuration" time="0.000" /><testcase name="CircuitBreakerConfig class exists" classname="Configuration" time="0.000" /><testcase name="CapabilitiesConfig class exists" classname="Configuration" time="0.000" /><testcase name="ResourceControlConfig class exists" classname="Configuration" time="0.000" /><testcase name="SessionGovernanceConfig class exists" classname="Configuration" time="0.000" /><testcase name="GovernanceConfig class exists" classname="Configuration" time="0.000" /><testcase name="SecurityConfig class exists" classname="Configuration" time="0.000" /><testcase name="ObservabilityConfig class exists" classname="Configuration" time="0.000" /><testcase name="RoleParams class exists" classname="Configuration" time="0.000" /><testcase name="agent_manifest.yaml parsed (13 top-level keys)" classname="Configuration" time="0.081" /><testcase name="ConfigurationManager.load_config() succeeded" classname="Configuration" time="0.100" /><testcase name="Config identity: MYTH v1.1.6" classname="Configuration" time="0.000" /><testcase name="Config router model: meta/llama-3.2-3b-instruct" classname="Configuration" time="0.000" /><testcase name="secrets.yaml parsed (6 keys)" classname="Configuration" time="0.020" /><testcase name="settings.json parsed (2 keys)" classname="Configuration" time="0.004" /></testsuite><testsuite name="Core Imports" tests="8" failures="0" skipped="0" time="24.000"><testcase name="config_loader — ConfigurationManager, AgentConfig, Pydantic models" classname="Core Imports" time="0.000" /><testcase name="myth_config — Global config object, load_dotenv" classname="Core Imports" time="0.000" /><testcase name="myth_llm — LLM provider factory" classname="Core Imports" time="22.284" /><testcase name="dialog_worker — Dialog worker utilities" classname="Core Imports" time="0.237" /><testcase name="myth_utils.sanitizer — Input sanitization utilities" classname="Core Imports" time="0.007" /><testcase name="backend — LangGraph agent graph &amp; nodes" classname="Core Imports" time="0.418" /><testcase name="api — FastAPI application &amp; endpoints" classname="Core Imports" time="0.990" /><testcase name="run_desktop — Desktop launcher script" classname="Core Imports" time="0.054" /></testsuite><testsuite name="Tool Imports" tests="120" failures="0" skipped="0" time="43.129"><testcase name="tools.cloud.automation [10 tool(s), 3 callable(s)]" classname="Tool Imports" time="40.122" /><testcase name="tools.cloud.cloud_enum [1 tool(s), 3 callable(s)]" classname="Tool Imports" time="0.000" /><testcase name="tools.cloud.iac_cicd [3 tool(s), 6 callable(s)]" classname="Tool Imports" time="0.000" /><testcase name="tools.cloud.k8s_advanced [3 tool(s), 3 callable(s)]" classname="Tool Imports" time="0.000" /><testcase name="tools.ctf.binary_expert [3 tool(s), 4 callable(s)]" classname="Tool Imports" time="0.000" /><testcase name="tools.ctf.crypto_master [4 tool(s), 4 callable(s)]" classname="Tool Imports" time="0.000" /><testcase name="tools.ctf.entropy_analyzer [2 tool(s), 4 callable(s)]" classname="Tool Imports" time="0.000" /><testcase name="tools.ctf.esoteric_ciphers [5 tool(s), 3 callable(s)]" classname="Tool Imports" time="0.000" /><testcase name="tools.ctf.forensics [3 tool(s), 3 callable(s)]" classname="Tool Imports" time="0.000" /><testcase name="tools.ctf.network_forensics [2 tool(s), 3 callable(s)]" classname="Tool Imports" time="0.000" /><testcase name="tools.ctf.pwn_advanced [5 tool(s), 3 callable(s)]" classname="Tool Imports" time="0.000" /><testcase name="tools.ctf.web_ctf_master [4 tool(s), 4 callable(s)]" classname="Tool Imports" time="0.000" /><testcase name="tools.ctf.web_esoteric [3 tool(s), 3 callable(s)]" classname="Tool Imports" time="0.000" /><testcase name="tools.evasion.anti_analysis [3 tool(s), 3 callable(s)]" classname="Tool Imports" time="0.000" /><testcase name="tools.evasion.edr_aware_payloads [2 tool(s), 3 callable(s)]" classname="Tool Imports" time="0.000" /><testcase name="tools.evasion.execution_mastery [3 tool(s), 4 callable(s)]" classname="Tool Imports" time="0.000" /><testcase name="tools.evasion.host_audit_advanced [2 tool(s), 3 callable(s)]" classname="Tool Imports" time="0.000" /><testcase name="tools.evasion.in_memory_stealth [2 tool(s), 4 callable(s)]" classname="Tool Imports" time="0.000" /><testcase name="tools.evasion.maldev_advanced [2 tool(s), 4 callable(s)]" classname="Tool Imports" time="0.000" /><testcase name="tools.evasion.payload_engineering [2 tool(s), 4 callable(s)]" classname="Tool Imports" time="0.000" /><testcase name="tools.evasion.persistence_advanced [2 tool(s), 3 callable(s)]" classname="Tool Imports" time="0.000" /><testcase name="tools.evasion.process_mastery [2 tool(s), 3 callable(s)]" classname="Tool Imports" time="0.000" /><testcase name="tools.evasion.tampering_advanced [2 tool(s), 3 callable(s)]" classname="Tool Imports" time="0.000" /><testcase name="tools.evasion.techniques [10 tool(s), 3 callable(s)]" classname="Tool Imports" time="0.000" /><testcase name="tools.evasion.unhooking [4 tool(s), 3 callable(s)]" classname="Tool Imports" time="0.000" /><testcase name="tools.exploitation.api_prober [1 tool(s), 3 callable(s)]" classname="Tool Imports" time="0.000" /><testcase name="tools.exploitation.c2_infrastructure [2 tool(s), 3 callable(s)]" classname="Tool Imports" time="0.000" /><testcase name="tools.exploitation.clr_engineering [3 tool(s), 3 callable(s)]" classname="Tool Imports" time="0.000" /><testcase name="tools.exploitation.evasion_generators [2 tool(s), 3 callable(s)]" classname="Tool Imports" time="0.000" /><testcase name="tools.exploitation.graphql_prober [2 tool(s), 4 callable(s)]" classname="Tool Imports" time="0.000" /><testcase name="tools.exploitation.host_exploitation [24 tool(s), 3 callable(s)]" classname="Tool Imports" time="0.000" /><testcase name="tools.exploitation.identity_exploitation [15 tool(s), 3 callable(s)]" classname="Tool Imports" time="0.000" /><testcase name="tools.exploitation.infrastructure_exploitation [9 tool(s), 4 callable(s)]" classname="Tool Imports" time="0.000" /><testcase name="tools.exploitation.payload_generation [2 tool(s), 3 callable(s)]" classname="Tool Imports" time="0.000" /><testcase name="tools.exploitation.polyglot_payloads [4 tool(s), 3 callable(s)]" classname="Tool Imports" time="0.000" /><testcase name="tools.exploitation.process_injection [7 tool(s), 3 callable(s)]" classname="Tool Imports" time="0.000" /><testcase name="tools.exploitation.situational_awareness [5 tool(s), 5 callable(s)]" classname="Tool Imports" time="0.000" /><testcase name="tools.exploitation.syscall_factory [3 tool(s), 3 callable(s)]" classname="Tool Imports" time="0.000" /><testcase name="tools.exploitation.web.injection [3 tool(s), 2 callable(s)]" classname="Tool Imports" time="0.051" /><testcase name="tools.exploitation.web.logic [2 tool(s), 2 callable(s)]" classname="Tool Imports" time="0.000" /><testcase name="tools.exploitation.web.protocols [2 tool(s), 2 callable(s)]" classname="Tool Imports" time="0.000" /><testcase name="tools.intelligence.ai [16 tool(s), 7 callable(s)]" classname="Tool Imports" time="0.000" /><testcase name="tools.intelligence.browser [37 tool(s), 14 callable(s)]" classname="Tool Imports" time="0.000" /><testcase name="tools.intelligence.forensics [1 tool(s), 1 callable(s)]" classname="Tool Imports" time="0.000" /><testcase name="tools.intelligence.identity_audit [7 tool(s), 5 callable(s)]" classname="Tool Imports" time="0.000" /><testcase name="tools.intelligence.osint [7 tool(s), 4 callable(s)]" classname="Tool Imports" time="0.000" /><testcase name="tools.intelligence.research_engine [5 tool(s), 4 callable(s)]" classname="Tool Imports" time="0.000" /><testcase name="tools.intelligence.search [15 tool(s), 10 callable(s)]" classname="Tool Imports" time="0.000" /><testcase name="tools.intelligence.social [16 tool(s), 7 callable(s)]" classname="Tool Imports" time="0.000" /><testcase name="tools.recon.active [13 tool(s), 5 callable(s)]" classname="Tool Imports" time="1.156" /><testcase name="tools.recon.advanced_osint [7 tool(s), 4 callable(s)]" classname="Tool Imports" time="0.000" /><testcase name="tools.recon.asm_engine [5 tool(s), 4 callable(s)]" classname="Tool Imports" time="0.000" /><testcase name="tools.recon.cloud_discovery [5 tool(s), 4 callable(s)]" classname="Tool Imports" time="0.000" /><testcase name="tools.recon.content_discovery [4 tool(s), 5 callable(s)]" classname="Tool Imports" time="0.000" /><testcase name="tools.recon.discovery [31 tool(s), 13 callable(s)]" classname="Tool Imports" time="0.000" /><testcase name="tools.recon.industrial_iot [5 tool(s), 3 callable(s)]" classname="Tool Imports" time="0.000" /><testcase name="tools.recon.infrastructure_services [5 tool(s), 3 callable(s)]" classname="Tool Imports" time="0.000" /><testcase name="tools.recon.internal_network [5 tool(s), 3 callable(s)]" classname="Tool Imports" time="0.000" /><testcase name="tools.recon.network [17 tool(s), 3 callable(s)]" classname="Tool Imports" time="0.000" /><testcase name="tools.recon.passive [14 tool(s), 6 callable(s)]" classname="Tool Imports" time="0.000" /><testcase name="tools.recon.passive_intel [5 tool(s), 3 callable(s)]" classname="Tool Imports" time="0.000" /><testcase name="tools.recon.pd_all_subdomains [2 tool(s), 9 callable(s)]" classname="Tool Imports" time="0.000" /><testcase name="tools.recon.spectral_fingerprint [6 tool(s), 3 callable(s)]" classname="Tool Imports" time="0.000" /><testcase name="tools.recon.supply_chain_recon [5 tool(s), 3 callable(s)]" classname="Tool Imports" time="0.000" /><testcase name="tools.reverse_engineering.binary_analyzer [8 tool(s), 3 callable(s)]" classname="Tool Imports" time="0.208" /><testcase name="tools.reverse_engineering.decompilation_context [4 tool(s), 3 callable(s)]" classname="Tool Imports" time="0.000" /><testcase name="tools.reverse_engineering.diffing_engine [4 tool(s), 3 callable(s)]" classname="Tool Imports" time="0.000" /><testcase name="tools.reverse_engineering.dynamic_helper [3 tool(s), 3 callable(s)]" classname="Tool Imports" time="0.000" /><testcase name="tools.reverse_engineering.firmware_advanced [4 tool(s), 3 callable(s)]" classname="Tool Imports" time="0.000" /><testcase name="tools.reverse_engineering.firmware_audit [3 tool(s), 3 callable(s)]" classname="Tool Imports" time="0.000" /><testcase name="tools.reverse_engineering.hardening_audit [3 tool(s), 3 callable(s)]" classname="Tool Imports" time="0.000" /><testcase name="tools.reverse_engineering.hardware_research [3 tool(s), 3 callable(s)]" classname="Tool Imports" time="0.000" /><testcase name="tools.reverse_engineering.kernel_audit [4 tool(s), 3 callable(s)]" classname="Tool Imports" time="0.000" /><testcase name="tools.reverse_engineering.nexus_orchestrator [1 tool(s), 4 callable(s)]" classname="Tool Imports" time="0.000" /><testcase name="tools.reverse_engineering.symbol_resolver [3 tool(s), 3 callable(s)]" classname="Tool Imports" time="0.000" /><testcase name="tools.reverse_engineering.vuln_context_elite [3 tool(s), 3 callable(s)]" classname="Tool Imports" time="0.000" /><testcase name="tools.reverse_engineering.vulnerability_research [5 tool(s), 3 callable(s)]" classname="Tool Imports" time="0.000" /><testcase name="tools.utilities.file_generator [5 tool(s), 29 callable(s)]" classname="Tool Imports" time="0.000" /><testcase name="tools.utilities.files [8 tool(s), 4 callable(s)]" classname="Tool Imports" time="0.000" /><testcase name="tools.utilities.integrations [15 tool(s), 5 callable(s)]" classname="Tool Imports" time="0.000" /><testcase name="tools.utilities.report [6 tool(s), 8 callable(s)]" classname="Tool Imports" time="0.000" /><testcase name="tools.utilities.shell [13 tool(s), 9 callable(s)]" classname="Tool Imports" time="0.000" /><testcase name="tools.utilities.utils [7 tool(s), 7 callable(s)]" classname="Tool Imports" time="0.000" /><testcase name="tools.vr.browser_exploitation [7 tool(s), 6 callable(s)]" classname="Tool Imports" time="1.304" /><testcase name="tools.vr.exploit_automation [8 tool(s), 15 callable(s)]" classname="Tool Imports" time="0.000" /><testcase name="tools.vr.gadget_discovery [5 tool(s), 6 callable(s)]" classname="Tool Imports" time="0.000" /><testcase name="tools.vr.heap_exploitation [4 tool(s), 4 callable(s)]" classname="Tool Imports" time="0.000" /><testcase name="tools.vr.kernel_exploitation [5 tool(s), 4 callable(s)]" classname="Tool Imports" time="0.000" /><testcase name="tools.vr.mitigation_bypass [7 tool(s), 5 callable(s)]" classname="Tool Imports" time="0.000" /><testcase name="tools.vr.sandbox_research [7 tool(s), 3 callable(s)]" classname="Tool Imports" time="0.000" /><testcase name="tools.vr.type_confusion [7 tool(s), 5 callable(s)]" classname="Tool Imports" time="0.000" /><testcase name="tools.web.advanced_ssrf [4 tool(s), 3 callable(s)]" classname="Tool Imports" time="0.212" /><testcase name="tools.web.auth_logic [4 tool(s), 3 callable(s)]" classname="Tool Imports" time="0.000" /><testcase name="tools.web.cache_exploitation [4 tool(s), 3 callable(s)]" classname="Tool Imports" time="0.000" /><testcase name="tools.web.client_side [4 tool(s), 3 callable(s)]" classname="Tool Imports" time="0.000" /><testcase name="tools.web.distributed_grid [2 tool(s), 4 callable(s)]" classname="Tool Imports" time="0.000" /><testcase name="tools.web.logic_synthesizer [2 tool(s), 3 callable(s)]" classname="Tool Imports" time="0.000" /><testcase name="tools.web.modern_api [4 tool(s), 3 callable(s)]" classname="Tool Imports" time="0.000" /><testcase name="tools.web.modern_protocols [4 tool(s), 3 callable(s)]" classname="Tool Imports" time="0.000" /><testcase name="tools.web.neural_waf_evader [2 tool(s), 3 callable(s)]" classname="Tool Imports" time="0.000" /><testcase name="tools.web.quantum_crypto [2 tool(s), 3 callable(s)]" classname="Tool Imports" time="0.000" /><testcase name="tools.web.self_healing_web [2 tool(s), 4 callable(s)]" classname="Tool Imports" time="0.000" /><testcase name="tools.web.smuggling_engine [3 tool(s), 3 callable(s)]" classname="Tool Imports" time="0.000" /><testcase name="tools.web.ssti_prober [3 tool(s), 3 callable(s)]" classname="Tool Imports" time="0.000" /><testcase name="tools.web.supply_chain [2 tool(s), 3 callable(s)]" classname="Tool Imports" time="0.000" /><testcase name="tools.web.temporal_debugger [2 tool(s), 3 callable(s)]" classname="Tool Imports" time="0.000" /><testcase name="tools.web.web_unification [2 tool(s), 3 callable(s)]" classname="Tool Imports" time="0.000" /><testcase name="tools.web.zero_day [2 tool(s), 3 callable(s)]" classname="Tool Imports" time="0.000" /><testcase name="tools.__init__" classname="Tool Imports" time="0.000" /><testcase name="tools.cloud.__init__" classname="Tool Imports" time="0.000" /><testcase name="tools.ctf.__init__" classname="Tool Imports" time="0.000" /><testcase name="tools.evasion.__init__" classname="Tool Imports" time="0.000" /><testcase name="tools.exploitation.__init__" classname="Tool Imports" time="0.000" /><testcase name="tools.exploitation.web.__init__" classname="Tool Imports" time="0.000" /><testcase name="tools.intelligence.__init__" classname="Tool Imports" time="0.000" /><testcase name="tools.recon.__init__" classname="Tool Imports" time="0.000" /><testcase name="tools.reverse_engineering.__init__" classname="Tool Imports" time="0.000" /><testcase name="tools.utilities.__init__" classname="Tool Imports" time="0.000" /><testcase name="tools.vr.__init__" classname="Tool Imports" time="0.000" /><testcase name="tools.web.__init__" classname="Tool Imports" time="0.000" /></testsuite><testsuite name="Tool Discovery" tests="28" failures="0" skipped="0" time="1.245"><testcase name="import tools" classname="Tool Discovery" time="0.000" /><testcase name="get_all_tools() → 676 tools" classname="Tool Discovery" time="0.512" /><testcase name="TOOL_CATEGORIES → 10 categories" classname="Tool Discovery" time="0.000" /><testcase name="get_tools_by_category(['recon']) → 285" classname="Tool Discovery" time="0.002" /><testcase name="get_tools_by_category(['intelligence']) → 197" classname="Tool Discovery" time="0.002" /><testcase name="get_tools_by_category(['exploitation']) → 192" classname="Tool Discovery" time="0.002" /><testcase name="get_tools_by_category(['evasion']) → 125" classname="Tool Discovery" time="0.005" /><testcase name="get_tools_by_category(['ctf']) → 358" classname="Tool Discovery" time="0.007" /><testcase name="get_tools_by_category(['re']) → 403" classname="Tool Discovery" time="0.007" /><testcase name="get_tools_by_category(['vr']) → 134" classname="Tool Discovery" time="0.004" /><testcase name="get_tools_by_category(['cloud']) → 56" classname="Tool Discovery" time="0.005" /><testcase name="get_tools_by_category(['utilities']) → 267" classname="Tool Discovery" time="0.008" /><testcase name="get_tools_by_category(['system']) → 138" classname="Tool Discovery" time="0.006" /><testcase name="search_tools('scan') → 10 results" classname="Tool Discovery" time="0.115" /><testcase name="search_tools('exploit') → 10 results" classname="Tool Discovery" time="0.040" /><testcase name="search_tools('dns') → 10 results" classname="Tool Discovery" time="0.009" /><testcase name="search_tools('password') → 10 results" classname="Tool Discovery" time="0.023" /><testcase name="search_tools('file') → 10 results" classname="Tool Discovery" time="0.219" /><testcase name="search_tools('shell') → 10 results" classname="Tool Discovery" time="0.040" /><testcase name="get_tool_stats() → total=676" classname="Tool Discovery" time="0.026" /><testcase name="health_check() → HEALTHY" classname="Tool Discovery" time="0.060" /><testcase name="get_omni_manifest() → 3 keys" classname="Tool Discovery" time="0.047" /><testcase name="get_tool_manifest() → 676 tools" classname="Tool Discovery" time="0.003" /><testcase name="suggest_tools_for_target('web') → 20" classname="Tool Discovery" time="0.012" /><testcase name="suggest_tools_for_target('network') → 20" classname="Tool Discovery" time="0.007" /><testcase name="suggest_tools_for_target('binary') → 20" classname="Tool Discovery" time="0.006" /><testcase name="suggest_tools_for_target('cloud') → 20" classname="Tool Discovery" time="0.007" /><testcase name="get_tool_by_name('ad_bloodhound_analyzer')" classname="Tool Discovery" time="0.000" /></testsuite><testsuite name="MCP Server Imports" tests="28" failures="0" skipped="0" time="13.980"><testcase name="Burp Suite Integration (mcp_servers.custom_servers.burp_server) [server objects: mcp]" classname="MCP Server Imports" time="8.850" /><testcase name="Exploit Hub (mcp_servers.custom_servers.exploit_hub_server) [server objects: mcp]" classname="MCP Server Imports" time="0.020" /><testcase name="Nuclei Scanner (mcp_servers.custom_servers.nuclei_server) [server objects: mcp]" classname="MCP Server Imports" time="0.021" /><testcase name="Recon Engine (mcp_servers.custom_servers.recon_server) [server objects: mcp]" classname="MCP Server Imports" time="0.022" /><testcase name="Report Generator (mcp_servers.custom_servers.report_gen_server) [server objects: mcp]" classname="MCP Server Imports" time="0.016" /><testcase name="Security Tools (mcp_servers.custom_servers.security_tools) [server objects: mcp]" classname="MCP Server Imports" time="0.000" /><testcase name="Target Tracker (mcp_servers.custom_servers.target_tracker_server) [server objects: mcp]" classname="MCP Server Imports" time="0.166" /><testcase name="Browser Tools (mcp_servers.local_servers.browser_tools) [server objects: mcp]" classname="MCP Server Imports" time="0.743" /><testcase name="cURL Server (mcp_servers.local_servers.curl_server) [server objects: mcp]" classname="MCP Server Imports" time="0.026" /><testcase name="Database Tools (mcp_servers.local_servers.db_tools) [server objects: mcp]" classname="MCP Server Imports" time="2.242" /><testcase name="Docker Tools (mcp_servers.local_servers.docker_tools) [server objects: mcp]" classname="MCP Server Imports" time="1.704" /><testcase name="Fetch Server (mcp_servers.local_servers.fetch_server) [server objects: mcp]" classname="MCP Server Imports" time="0.011" /><testcase name="Filesystem Tools (mcp_servers.local_servers.filesystem_tools) [server objects: mcp]" classname="MCP Server Imports" time="0.015" /><testcase name="System Tools (mcp_servers.local_servers.system_tools) [server objects: mcp]" classname="MCP Server Imports" time="0.000" /><testcase name="Censys (mcp_servers.remote_servers.censys_server) [server objects: mcp]" classname="MCP Server Imports" time="0.031" /><testcase name="CISA KEV (mcp_servers.remote_servers.cisa_kev_server) [server objects: mcp]" classname="MCP Server Imports" time="0.008" /><testcase name="ExploitDB (mcp_servers.remote_servers.exploitdb_server) [server objects: mcp]" classname="MCP Server Imports" time="0.010" /><testcase name="External APIs (mcp_servers.remote_servers.external_apis) [server objects: mcp]" classname="MCP Server Imports" time="0.000" /><testcase name="GitHub Advisory (mcp_servers.remote_servers.gh_advisory_server) [server objects: mcp]" classname="MCP Server Imports" time="0.007" /><testcase name="HaveIBeenPwned (mcp_servers.remote_servers.hibp_server) [server objects: mcp]" classname="MCP Server Imports" time="0.008" /><testcase name="Hunter.io (mcp_servers.remote_servers.hunter_server) [server objects: mcp]" classname="MCP Server Imports" time="0.008" /><testcase name="NVD (mcp_servers.remote_servers.nvd_server) [server objects: mcp]" classname="MCP Server Imports" time="0.009" /><testcase name="SecurityTrails (mcp_servers.remote_servers.securitytrails_server) [server objects: mcp]" classname="MCP Server Imports" time="0.009" /><testcase name="Shodan (mcp_servers.remote_servers.shodan_server) [server objects: mcp]" classname="MCP Server Imports" time="0.015" /><testcase name="VirusTotal (mcp_servers.remote_servers.virustotal_server) [server objects: mcp]" classname="MCP Server Imports" time="0.011" /><testcase name="mcp_servers.custom_servers.__init__" classname="MCP Server Imports" time="0.000" /><testcase name="mcp_servers.local_servers.__init__" classname="MCP Server Imports" time="0.000" /><testcase name="mcp_servers.remote_servers.__init__" classname="MCP Server Imports" time="0.000" /></testsuite><testsuite name="MCP Client Infrastructure" tests="48" failures="0" skipped="0" time="0.045"><testcase name="import mcp_servers.mcp_client" classname="MCP Client Infrastructure" time="0.000" /><testcase name="SSE_CONFIGS has 26 server entries" classname="MCP Client Infrastructure" time="0.000" /><testcase name="SSE_CONFIGS['security'] → port 8001, Security Tools" classname="MCP Client Infrastructure" time="0.000" /><testcase name="SSE_CONFIGS['system'] → port 8002, System Tools" classname="MCP Client Infrastructure" time="0.000" /><testcase name="SSE_CONFIGS['external'] → port 8003, External APIs" classname="MCP Client Infrastructure" time="0.000" /><testcase name="SSE_CONFIGS['filesystem'] → port 8004, Filesystem" classname="MCP Client Infrastructure" time="0.000" /><testcase name="SSE_CONFIGS['db'] → port 8005, Database" classname="MCP Client Infrastructure" time="0.000" /><testcase name="SSE_CONFIGS['docker'] → port 8006, Docker" classname="MCP Client Infrastructure" time="0.000" /><testcase name="SSE_CONFIGS['browser'] → port 8007, Browser" classname="MCP Client Infrastructure" time="0.000" /><testcase name="SSE_CONFIGS['fetch'] → port 8008, Fetch" classname="MCP Client Infrastructure" time="0.000" /><testcase name="SSE_CONFIGS['curl'] → port 8009, Curl" classname="MCP Client Infrastructure" time="0.000" /><testcase name="SSE_CONFIGS['shodan'] → port 8101, Shodan" classname="MCP Client Infrastructure" time="0.000" /><testcase name="SSE_CONFIGS['censys'] → port 8102, Censys" classname="MCP Client Infrastructure" time="0.000" /><testcase name="SSE_CONFIGS['securitytrails'] → port 8103, SecurityTrails" classname="MCP Client Infrastructure" time="0.000" /><testcase name="SSE_CONFIGS['virustotal'] → port 8104, VirusTotal" classname="MCP Client Infrastructure" time="0.000" /><testcase name="SSE_CONFIGS['hunter'] → port 8105, Hunter.io" classname="MCP Client Infrastructure" time="0.000" /><testcase name="SSE_CONFIGS['hibp'] → port 8106, HaveIBeenPwned" classname="MCP Client Infrastructure" time="0.000" /><testcase name="SSE_CONFIGS['nvd'] → port 8107, NVD" classname="MCP Client Infrastructure" time="0.000" /><testcase name="SSE_CONFIGS['exploitdb'] → port 8108, Exploit-DB" classname="MCP Client Infrastructure" time="0.000" /><testcase name="SSE_CONFIGS['github_advisory'] → port 8109, GitHub Advisory" classname="MCP Client Infrastructure" time="0.000" /><testcase name="SSE_CONFIGS['cisa_kev'] → port 8110, CISA KEV" classname="MCP Client Infrastructure" time="0.000" /><testcase name="SSE_CONFIGS['nuclei'] → port 8201, Nuclei Forge" classname="MCP Client Infrastructure" time="0.000" /><testcase name="SSE_CONFIGS['burp'] → port 8202, Burp Suite" classname="MCP Client Infrastructure" time="0.000" /><testcase name="SSE_CONFIGS['target_tracker'] → port 8203, Target Tracker" classname="MCP Client Infrastructure" time="0.000" /><testcase name="SSE_CONFIGS['recon_engine'] → port 8204, Unified Recon" classname="MCP Client Infrastructure" time="0.000" /><testcase name="SSE_CONFIGS['exploit_hub'] → port 8205, Exploit Hub" classname="MCP Client Infrastructure" time="0.000" /><testcase name="SSE_CONFIGS['report_gen'] → port 8206, Report Engine" classname="MCP Client Infrastructure" time="0.000" /><testcase name="SSE_CONFIGS['security_elite'] → port 8207, Elite Security" classname="MCP Client Infrastructure" time="0.000" /><testcase name="No port collisions (26 unique ports)" classname="MCP Client Infrastructure" time="0.000" /><testcase name="MCPManager class exists" classname="MCP Client Infrastructure" time="0.000" /><testcase name="MCPManager.bootstrap() exists" classname="MCP Client Infrastructure" time="0.000" /><testcase name="MCPManager.ensure_server_running() exists" classname="MCP Client Infrastructure" time="0.000" /><testcase name="MCPManager.shutdown() exists" classname="MCP Client Infrastructure" time="0.000" /><testcase name="MCPManager._purge_zombies() exists" classname="MCP Client Infrastructure" time="0.000" /><testcase name="MCPManager._watchdog_loop() exists" classname="MCP Client Infrastructure" time="0.000" /><testcase name="MCPManager._is_server_healthy() exists" classname="MCP Client Infrastructure" time="0.000" /><testcase name="Global manager instance exists" classname="MCP Client Infrastructure" time="0.000" /><testcase name="TitanSessionPool class exists" classname="MCP Client Infrastructure" time="0.000" /><testcase name="TitanSessionPool singleton pattern works" classname="MCP Client Infrastructure" time="0.000" /><testcase name="TitanSessionPool.get_session() exists" classname="MCP Client Infrastructure" time="0.000" /><testcase name="TitanSessionPool.purge_session() exists" classname="MCP Client Infrastructure" time="0.000" /><testcase name="TitanSessionPool.shutdown() exists" classname="MCP Client Infrastructure" time="0.000" /><testcase name="_refine_category('nmap_scanner', 'uncategorized') → 'uncategorized'" classname="MCP Client Infrastructure" time="0.000" /><testcase name="_sanitize_schema(dict) works" classname="MCP Client Infrastructure" time="0.000" /><testcase name="_sanitize_schema(None) works" classname="MCP Client Infrastructure" time="0.000" /><testcase name="_is_port_open(99999) → False" classname="MCP Client Infrastructure" time="0.000" /><testcase name="_get_config_fingerprint() → adfdcdea2d2ca72d..." classname="MCP Client Infrastructure" time="0.000" /><testcase name="import mcp_servers.mcp_common" classname="MCP Client Infrastructure" time="0.023" /></testsuite><testsuite name="RAG System" tests="27" failures="0" skipped="0" time="5.701"><testcase name="rag_system.archive_extractor import" classname="RAG System" time="5.673" /><testcase name="  rag_system.archive_extractor.ArchiveExtractor (class exists)" classname="RAG System" time="0.000" /><testcase name="rag_system.audio_processor import" classname="RAG System" time="0.005" /><testcase name="  rag_system.audio_processor.AudioProcessor (class exists)" classname="RAG System" time="0.000" /><testcase name="rag_system.bulk_ingest import" classname="RAG System" time="0.003" /><testcase name="  rag_system.bulk_ingest.bulk_ingest_documents (callable exists)" classname="RAG System" time="0.000" /><testcase name="rag_system.document_processor import" classname="RAG System" time="0.000" /><testcase name="  rag_system.document_processor.DocumentProcessor (class exists)" classname="RAG System" time="0.000" /><testcase name="rag_system.file_uploader import" classname="RAG System" time="0.000" /><testcase name="  rag_system.file_uploader.FileUploader (class exists)" classname="RAG System" time="0.000" /><testcase name="rag_system.folder_processor import" classname="RAG System" time="0.000" /><testcase name="  rag_system.folder_processor.FolderProcessor (class exists)" classname="RAG System" time="0.000" /><testcase name="rag_system.image_processor import" classname="RAG System" time="0.000" /><testcase name="  rag_system.image_processor.ImageProcessor (class exists)" classname="RAG System" time="0.000" /><testcase name="rag_system.rag_chain import" classname="RAG System" time="0.000" /><testcase name="  rag_system.rag_chain.RAGChain (class exists)" classname="RAG System" time="0.000" /><testcase name="rag_system.rag_evaluator import" classname="RAG System" time="0.005" /><testcase name="  rag_system.rag_evaluator.RAGEvaluator (class exists)" classname="RAG System" time="0.000" /><testcase name="rag_system.secret_scanner import" classname="RAG System" time="0.000" /><testcase name="  rag_system.secret_scanner.scan_for_secrets (callable exists)" classname="RAG System" time="0.000" /><testcase name="rag_system.universal_processor import" classname="RAG System" time="0.000" /><testcase name="  rag_system.universal_processor.UniversalFileProcessor (class exists)" classname="RAG System" time="0.000" /><testcase name="rag_system.vector_store import" classname="RAG System" time="0.000" /><testcase name="  rag_system.vector_store.VectorStoreManager (class exists)" classname="RAG System" time="0.000" /><testcase name="rag_system.vibevoice_processor import" classname="RAG System" time="0.006" /><testcase name="  rag_system.vibevoice_processor.VibeVoiceProcessor (class exists)" classname="RAG System" time="0.000" /><testcase name="rag_system.__init__ (8 exports)" classname="RAG System" time="0.000" /></testsuite></testsuites>